// Jest Snapshot v1, https://goo.gl/fbAQLP

exports[`PipelinePage container test should render AddNewProcessor section 1`] = `<DocumentFragment />`;
