// Jest Snapshot v1, https://goo.gl/fbAQLP

exports[`PipelinePage container test should render PipelinePageLayout section 1`] = `
<DocumentFragment>
  .c0.c0.c0 {
  display: -webkit-box;
  display: -webkit-flex;
  display: -ms-flexbox;
  display: flex;
  -webkit-box-pack: end;
  -webkit-justify-content: flex-end;
  -ms-flex-pack: end;
  justify-content: flex-end;
  margin-bottom: 2rem;
  -webkit-align-items: center;
  -webkit-box-align: center;
  -ms-flex-align: center;
  align-items: center;
}

.c1.c1.c1 {
  margin-left: 1rem;
}

<div
    class="c0"
  >
    <span
      aria-label="question-circle"
      class="anticon anticon-question-circle"
      role="img"
      style="font-size: 1rem; color: rgba(255, 255, 255, 0.835);"
    >
      <svg
        aria-hidden="true"
        data-icon="question-circle"
        fill="currentColor"
        focusable="false"
        height="1em"
        viewBox="64 64 896 896"
        width="1em"
      >
        <path
          d="M512 64C264.6 64 64 264.6 64 512s200.6 448 448 448 448-200.6 448-448S759.4 64 512 64zm0 708c-22.1 0-40-17.9-40-40s17.9-40 40-40 40 17.9 40 40-17.9 40-40 40zm62.9-219.5a48.3 48.3 0 00-30.9 44.8V620c0 4.4-3.6 8-8 8h-48c-4.4 0-8-3.6-8-8v-21.5c0-23.1 6.7-45.9 19.9-64.9 12.9-18.6 30.9-32.8 52.1-40.9 34-13.1 56-41.6 56-72.7 0-44.1-43.1-80-96-80s-96 35.9-96 80v7.6c0 4.4-3.6 8-8 8h-48c-4.4 0-8-3.6-8-8V420c0-39.3 17.2-76 48.4-103.3C430.4 290.4 470 276 512 276s81.6 14.5 111.6 40.7C654.8 344 672 380.7 672 420c0 57.8-38.1 109.8-97.1 132.5z"
        />
      </svg>
    </span>
    <button
      class="ant-btn css-dev-only-do-not-override-2i2tap ant-btn-primary c1"
      type="button"
    >
      <span
        class="ant-btn-icon"
      >
        <span
          aria-label="plus"
          class="anticon anticon-plus"
          role="img"
        >
          <svg
            aria-hidden="true"
            data-icon="plus"
            fill="currentColor"
            focusable="false"
            height="1em"
            viewBox="64 64 896 896"
            width="1em"
          >
            <defs>
              <style />
            </defs>
            <path
              d="M482 152h60q8 0 8 8v704q0 8-8 8h-60q-8 0-8-8V160q0-8 8-8z"
            />
            <path
              d="M176 474h672q8 0 8 8v60q0 8-8 8H176q-8 0-8-8v-60q0-8 8-8z"
            />
          </svg>
        </span>
      </span>
      <span>
        new_pipeline
      </span>
    </button>
  </div>
  .c0 {
  margin-top: 3rem;
}

<div
    class="c0"
  >
    <div
      class="logs-pipelines-empty-state-centered-container"
    >
      <div
        class="ant-card ant-card-bordered ant-card-small css-dev-only-do-not-override-2i2tap"
      >
        <div
          class="ant-card-body"
        >
          <div
            class="logs-pipelines-empty-state-centered-container"
          >
            <iframe
              allow="accelerometer; autoplay; clipboard-write; encrypted-media; gyroscope; picture-in-picture"
              allowfullscreen=""
              class="logs-pipelines-empty-state-video-iframe"
              frameborder="0"
              sandbox="allow-scripts allow-same-origin allow-popups allow-popups-to-escape-sandbox"
              src="https://www.youtube.com/embed/OneENGNmLd0"
              title="learn_more"
            />
            <div>
              <article
                class="ant-typography css-dev-only-do-not-override-2i2tap"
              >
                learn_moreÂ 
                <a
                  href="https://signoz.io/docs/logs-pipelines/introduction/?utm_source=product&utm_medium=pipelines-tab"
                  rel="noreferrer"
                  target="_blank"
                >
                  here
                </a>
              </article>
            </div>
          </div>
        </div>
      </div>
    </div>
  </div>
</DocumentFragment>
`;
