// Jest Snapshot v1, https://goo.gl/fbAQLP

exports[`Quick Filters renders correctly with default props 1`] = `
<div>
  <div
    class="quick-filters"
  >
    <section
      class="header"
    >
      <section
        class="left-actions"
      >
        <span
          aria-label="filter"
          class="anticon anticon-filter"
          role="img"
        >
          <svg
            aria-hidden="true"
            data-icon="filter"
            fill="currentColor"
            focusable="false"
            height="1em"
            viewBox="64 64 896 896"
            width="1em"
          >
            <path
              d="M880.1 154H143.9c-24.5 0-39.8 26.7-27.5 48L349 597.4V838c0 17.7 14.2 32 31.8 32h262.4c17.6 0 31.8-14.3 31.8-32V597.4L907.7 202c12.2-21.3-3.1-48-27.6-48zM603.4 798H420.6V642h182.9v156zm9.6-236.6l-9.5 16.6h-183l-9.5-16.6L212.7 226h598.6L613 561.4z"
            />
          </svg>
        </span>
        <span
          class="ant-typography text css-dev-only-do-not-override-2i2tap"
        >
          Filters for
        </span>
        <span
          class="ant-typography sync-tag css-dev-only-do-not-override-2i2tap"
        >
          Test Query
        </span>
      </section>
      <section
        class="right-actions"
      >
        <span
          aria-label="sync"
          class="anticon anticon-sync sync-icon"
          role="img"
          tabindex="-1"
        >
          <svg
            aria-hidden="true"
            data-icon="sync"
            fill="currentColor"
            focusable="false"
            height="1em"
            viewBox="64 64 896 896"
            width="1em"
          >
            <path
              d="M168 504.2c1-43.7 10-86.1 26.9-126 17.3-41 42.1-77.7 73.7-109.4S337 212.3 378 195c42.4-17.9 87.4-27 133.9-27s91.5 9.1 133.8 27A341.5 341.5 0 01755 268.8c9.9 9.9 19.2 20.4 27.8 31.4l-60.2 47a8 8 0 003 14.1l175.7 43c5 1.2 9.9-2.6 9.9-7.7l.8-180.9c0-6.7-7.7-10.5-12.9-6.3l-56.4 44.1C765.8 155.1 646.2 92 511.8 92 282.7 92 96.3 275.6 92 503.8a8 8 0 008 8.2h60c4.4 0 7.9-3.5 8-7.8zm756 7.8h-60c-4.4 0-7.9 3.5-8 7.8-1 43.7-10 86.1-26.9 126-17.3 41-42.1 77.8-73.7 109.4A342.45 342.45 0 01512.1 856a342.24 342.24 0 01-243.2-100.8c-9.9-9.9-19.2-20.4-27.8-31.4l60.2-47a8 8 0 00-3-14.1l-175.7-43c-5-1.2-9.9 2.6-9.9 7.7l-.7 181c0 6.7 7.7 10.5 12.9 6.3l56.4-44.1C258.2 868.9 377.8 932 512.2 932c229.2 0 415.5-183.7 419.8-411.8a8 8 0 00-8-8.2z"
            />
          </svg>
        </span>
        <div
          class="divider-filter"
        />
        <span
          aria-label="vertical-align-top"
          class="anticon anticon-vertical-align-top"
          role="img"
          tabindex="-1"
        >
          <svg
            aria-hidden="true"
            data-icon="vertical-align-top"
            fill="currentColor"
            focusable="false"
            height="1em"
            style="transform: rotate(270deg);"
            viewBox="64 64 896 896"
            width="1em"
          >
            <path
              d="M859.9 168H164.1c-4.5 0-8.1 3.6-8.1 8v60c0 4.4 3.6 8 8.1 8h695.8c4.5 0 8.1-3.6 8.1-8v-60c0-4.4-3.6-8-8.1-8zM518.3 355a8 8 0 00-12.6 0l-112 141.7a7.98 7.98 0 006.3 12.9h73.9V848c0 4.4 3.6 8 8 8h60c4.4 0 8-3.6 8-8V509.7H624c6.7 0 10.4-7.7 6.3-12.9L518.3 355z"
            />
          </svg>
        </span>
      </section>
    </section>
    <div
      class="overlay-scrollbar"
      data-overlayscrollbars-initialize="true"
    >
      <div
        data-overlayscrollbars-contents=""
      >
        <section
          class="filters"
        >
          <div
            class="checkbox-filter"
          >
            <section
              class="filter-header-checkbox"
            >
              <section
                class="left-action"
              >
                <svg
                  class="lucide lucide-chevron-down"
                  cursor="pointer"
                  fill="none"
                  height="13"
                  stroke="currentColor"
                  stroke-linecap="round"
                  stroke-linejoin="round"
                  stroke-width="2"
                  viewBox="0 0 24 24"
                  width="13"
                  xmlns="http://www.w3.org/2000/svg"
                >
                  <path
                    d="m6 9 6 6 6-6"
                  />
                </svg>
                <span
                  class="ant-typography title css-dev-only-do-not-override-2i2tap"
                >
                  Environment
                </span>
              </section>
              <section
                class="right-action"
              >
                <span
                  class="ant-typography clear-all css-dev-only-do-not-override-2i2tap"
                >
                  Clear All
                </span>
              </section>
            </section>
            <section
              class="search"
            >
              <input
                class="ant-input css-dev-only-do-not-override-2i2tap"
                placeholder="Filter values"
                type="text"
                value=""
              />
            </section>
            <section
              class="values"
            >
              <div
                class="value"
              >
                <label
                  class="ant-checkbox-wrapper ant-checkbox-wrapper-checked check-box css-dev-only-do-not-override-2i2tap"
                >
                  <span
                    class="ant-checkbox ant-wave-target css-dev-only-do-not-override-2i2tap ant-checkbox-checked"
                  >
                    <input
                      checked=""
                      class="ant-checkbox-input"
                      type="checkbox"
                    />
                    <span
                      class="ant-checkbox-inner"
                    />
                  </span>
                </label>
                <div
                  class="checkbox-value-section"
                >
                  <span
                    class="ant-typography ant-typography-ellipsis ant-typography-single-line ant-typography-ellipsis-single-line value-string css-dev-only-do-not-override-2i2tap"
                  >
                    mq-kafka
                  </span>
                  <button
                    class="ant-btn css-dev-only-do-not-override-2i2tap ant-btn-text only-btn"
                    type="button"
                  >
                    <span>
                      Only
                    </span>
                  </button>
                  <button
                    class="ant-btn css-dev-only-do-not-override-2i2tap ant-btn-text toggle-btn"
                    type="button"
                  >
                    <span>
                      Toggle
                    </span>
                  </button>
                </div>
              </div>
              <div
                class="value"
              >
                <label
                  class="ant-checkbox-wrapper ant-checkbox-wrapper-checked check-box css-dev-only-do-not-override-2i2tap"
                >
                  <span
                    class="ant-checkbox ant-wave-target css-dev-only-do-not-override-2i2tap ant-checkbox-checked"
                  >
                    <input
                      checked=""
                      class="ant-checkbox-input"
                      type="checkbox"
                    />
                    <span
                      class="ant-checkbox-inner"
                    />
                  </span>
                </label>
                <div
                  class="checkbox-value-section"
                >
                  <span
                    class="ant-typography ant-typography-ellipsis ant-typography-single-line ant-typography-ellipsis-single-line value-string css-dev-only-do-not-override-2i2tap"
                  >
                    otel-demo
                  </span>
                  <button
                    class="ant-btn css-dev-only-do-not-override-2i2tap ant-btn-text only-btn"
                    type="button"
                  >
                    <span>
                      Only
                    </span>
                  </button>
                  <button
                    class="ant-btn css-dev-only-do-not-override-2i2tap ant-btn-text toggle-btn"
                    type="button"
                  >
                    <span>
                      Toggle
                    </span>
                  </button>
                </div>
              </div>
              <div
                class="value"
              >
                <label
                  class="ant-checkbox-wrapper ant-checkbox-wrapper-checked check-box css-dev-only-do-not-override-2i2tap"
                >
                  <span
                    class="ant-checkbox ant-wave-target css-dev-only-do-not-override-2i2tap ant-checkbox-checked"
                  >
                    <input
                      checked=""
                      class="ant-checkbox-input"
                      type="checkbox"
                    />
                    <span
                      class="ant-checkbox-inner"
                    />
                  </span>
                </label>
                <div
                  class="checkbox-value-section"
                >
                  <span
                    class="ant-typography ant-typography-ellipsis ant-typography-single-line ant-typography-ellipsis-single-line value-string css-dev-only-do-not-override-2i2tap"
                  >
                    otlp-python
                  </span>
                  <button
                    class="ant-btn css-dev-only-do-not-override-2i2tap ant-btn-text only-btn"
                    type="button"
                  >
                    <span>
                      Only
                    </span>
                  </button>
                  <button
                    class="ant-btn css-dev-only-do-not-override-2i2tap ant-btn-text toggle-btn"
                    type="button"
                  >
                    <span>
                      Toggle
                    </span>
                  </button>
                </div>
              </div>
              <div
                class="value"
              >
                <label
                  class="ant-checkbox-wrapper ant-checkbox-wrapper-checked check-box css-dev-only-do-not-override-2i2tap"
                >
                  <span
                    class="ant-checkbox ant-wave-target css-dev-only-do-not-override-2i2tap ant-checkbox-checked"
                  >
                    <input
                      checked=""
                      class="ant-checkbox-input"
                      type="checkbox"
                    />
                    <span
                      class="ant-checkbox-inner"
                    />
                  </span>
                </label>
                <div
                  class="checkbox-value-section"
                >
                  <span
                    class="ant-typography ant-typography-ellipsis ant-typography-single-line ant-typography-ellipsis-single-line value-string css-dev-only-do-not-override-2i2tap"
                  >
                    sample-flask
                  </span>
                  <button
                    class="ant-btn css-dev-only-do-not-override-2i2tap ant-btn-text only-btn"
                    type="button"
                  >
                    <span>
                      Only
                    </span>
                  </button>
                  <button
                    class="ant-btn css-dev-only-do-not-override-2i2tap ant-btn-text toggle-btn"
                    type="button"
                  >
                    <span>
                      Toggle
                    </span>
                  </button>
                </div>
              </div>
            </section>
          </div>
          <div
            class="checkbox-filter"
          >
            <section
              class="filter-header-checkbox"
            >
              <section
                class="left-action"
              >
                <svg
                  class="lucide lucide-chevron-right"
                  cursor="pointer"
                  fill="none"
                  height="13"
                  stroke="currentColor"
                  stroke-linecap="round"
                  stroke-linejoin="round"
                  stroke-width="2"
                  viewBox="0 0 24 24"
                  width="13"
                  xmlns="http://www.w3.org/2000/svg"
                >
                  <path
                    d="m9 18 6-6-6-6"
                  />
                </svg>
                <span
                  class="ant-typography title css-dev-only-do-not-override-2i2tap"
                >
                  Service Name
                </span>
              </section>
              <section
                class="right-action"
              />
            </section>
          </div>
        </section>
      </div>
    </div>
  </div>
</div>
`;
